// Jest Snapshot v1, https://goo.gl/fbAQLP

exports[`WelcomeStep View should match snapshot 1`] = `
<DocumentFragment>
  <div
    class="flex flex-col items-center h-screen justify-center"
  >
    <div
      class="relative"
    >
      <img
        alt="question-mark"
        class="absolute md:-top-20 md:-left-20 -rotate-[5deg] -top-20 left-20"
        data-nimg="1"
        decoding="async"
        height="64"
        loading="lazy"
        src="/question-mark.svg"
        style="color: transparent;"
        width="64"
      />
      <img
        alt="question-mark"
        class="absolute md:-bottom-20 md:-right-20 rotate-[25deg] -bottom-10 right-10"
        data-nimg="1"
        decoding="async"
        height="48"
        loading="lazy"
        src="/question-mark.svg"
        style="color: transparent;"
        width="48"
      />
      <h1
        class="font-plus-jakarta-sans leading-normal uppercase text-headline-1 font-700 leading-[120%] my-4 text-center text-white"
      >
        lego minifigs mystery box
      </h1>
      <button
        class="bg-blue-500 hover:bg-blue-700 text-white font-bold py-6 px-12 rounded-md disabled:opacity-55 shadow-sm hover:shadow-xl transition-all active:shadow-2xl flex m-auto"
      >
        <span
          class="uppercase font-plus-jakarta-sans"
        >
          Let\`s go!
        </span>
      </button>
    </div>
  </div>
</DocumentFragment>
`;
